Flow report for alu
Fri Apr 24 19:54:51 2026
Quartus II Version 9.1 Build 222 10/21/2009 SJ Web Edition


---------------------
; Table of Contents ;
---------------------
  1. Legal Notice
  2. Flow Summary
  3. Flow Settings
  4. Flow Non-Default Global Settings
  5. Flow Elapsed Time
  6. Flow OS Summary
  7. Flow Log



----------------
; Legal Notice ;
----------------
Copyright (C) 1991-2009 Altera Corporation
Your use of Altera Corporation's design tools, logic functions 
and other software and tools, and its AMPP partner logic 
functions, and any output files from any of the foregoing 
(including device programming or simulation files), and any 
associated documentation or information are expressly subject 
to the terms and conditions of the Altera Program License 
Subscription Agreement, Altera MegaCore Function License 
Agreement, or other applicable license agreement, including, 
without limitation, that your use is for the sole purpose of 
programming logic devices manufactured by Altera and sold by 
Altera or its authorized distributors.  Please refer to the 
applicable agreement for further details.



+------------------------------------------------------------------------------+
; Flow Summary                                                                 ;
+------------------------------------+-----------------------------------------+
; Flow Status                        ; Successful - Fri Apr 24 19:54:51 2026   ;
; Quartus II Version                 ; 9.1 Build 222 10/21/2009 SJ Web Edition ;
; Revision Name                      ; alu                                     ;
; Top-level Entity Name              ; cpu                                     ;
; Family                             ; Cyclone II                              ;
; Device                             ; EP2C35F672C6                            ;
; Timing Models                      ; Final                                   ;
; Met timing requirements            ; Yes                                     ;
; Total logic elements               ; 56 / 33,216 ( < 1 % )                   ;
;     Total combinational functions  ; 45 / 33,216 ( < 1 % )                   ;
;     Dedicated logic registers      ; 21 / 33,216 ( < 1 % )                   ;
; Total registers                    ; 21                                      ;
; Total pins                         ; 72 / 475 ( 15 % )                       ;
; Total virtual pins                 ; 0                                       ;
; Total memory bits                  ; 2,208 / 483,840 ( < 1 % )               ;
; Embedded Multiplier 9-bit elements ; 0 / 70 ( 0 % )                          ;
; Total PLLs                         ; 0 / 4 ( 0 % )                           ;
+------------------------------------+-----------------------------------------+


+-----------------------------------------+
; Flow Settings                           ;
+-------------------+---------------------+
; Option            ; Setting             ;
+-------------------+---------------------+
; Start date & time ; 04/24/2026 19:54:43 ;
; Main task         ; Compilation         ;
; Revision Name     ; alu                 ;
+-------------------+---------------------+


+--------------------------------------------------------------------------------------------------------------------+
; Flow Non-Default Global Settings                                                                                   ;
+------------------------------------+--------------------------------+---------------+-------------+----------------+
; Assignment Name                    ; Value                          ; Default Value ; Entity Name ; Section Id     ;
+------------------------------------+--------------------------------+---------------+-------------+----------------+
; COMPILER_SIGNATURE_ID              ; 71205093467662.177703168308528 ; --            ; --          ; --             ;
; IP_TOOL_NAME                       ; LPM_ROM                        ; --            ; --          ; --             ;
; IP_TOOL_NAME                       ; LPM_COUNTER                    ; --            ; --          ; --             ;
; IP_TOOL_NAME                       ; LPM_RAM_DP                     ; --            ; --          ; --             ;
; IP_TOOL_NAME                       ; LPM_ROM                        ; --            ; --          ; --             ;
; IP_TOOL_NAME                       ; LPM_COUNTER                    ; --            ; --          ; --             ;
; IP_TOOL_NAME                       ; LPM_RAM_DP                     ; --            ; --          ; --             ;
; IP_TOOL_NAME                       ; LPM_FF                         ; --            ; --          ; --             ;
; IP_TOOL_NAME                       ; LPM_FF                         ; --            ; --          ; --             ;
; IP_TOOL_NAME                       ; LPM_FF                         ; --            ; --          ; --             ;
; IP_TOOL_VERSION                    ; 9.1                            ; --            ; --          ; --             ;
; IP_TOOL_VERSION                    ; 9.1                            ; --            ; --          ; --             ;
; IP_TOOL_VERSION                    ; 9.1                            ; --            ; --          ; --             ;
; IP_TOOL_VERSION                    ; 9.1                            ; --            ; --          ; --             ;
; IP_TOOL_VERSION                    ; 9.1                            ; --            ; --          ; --             ;
; IP_TOOL_VERSION                    ; 9.1                            ; --            ; --          ; --             ;
; IP_TOOL_VERSION                    ; 9.1                            ; --            ; --          ; --             ;
; IP_TOOL_VERSION                    ; 9.1                            ; --            ; --          ; --             ;
; IP_TOOL_VERSION                    ; 9.1                            ; --            ; --          ; --             ;
; MAX_CORE_JUNCTION_TEMP             ; 85                             ; --            ; --          ; --             ;
; MIN_CORE_JUNCTION_TEMP             ; 0                              ; --            ; --          ; --             ;
; MISC_FILE                          ; D:/altera/alu/alu.dpf          ; --            ; --          ; --             ;
; MISC_FILE                          ; lpm_rom0.tdf                   ; --            ; --          ; --             ;
; MISC_FILE                          ; lpm_rom0.bsf                   ; --            ; --          ; --             ;
; MISC_FILE                          ; lpm_rom0.inc                   ; --            ; --          ; --             ;
; MISC_FILE                          ; lpm_counter0.tdf               ; --            ; --          ; --             ;
; MISC_FILE                          ; lpm_counter0.bsf               ; --            ; --          ; --             ;
; MISC_FILE                          ; lpm_counter0.inc               ; --            ; --          ; --             ;
; MISC_FILE                          ; lpm_ram_dp0.tdf                ; --            ; --          ; --             ;
; MISC_FILE                          ; lpm_ram_dp0.bsf                ; --            ; --          ; --             ;
; MISC_FILE                          ; lpm_ram_dp0.inc                ; --            ; --          ; --             ;
; MISC_FILE                          ; lpm_rom2.tdf                   ; --            ; --          ; --             ;
; MISC_FILE                          ; lpm_rom2.bsf                   ; --            ; --          ; --             ;
; MISC_FILE                          ; lpm_rom2.inc                   ; --            ; --          ; --             ;
; MISC_FILE                          ; lpm_counter1.tdf               ; --            ; --          ; --             ;
; MISC_FILE                          ; lpm_counter1.bsf               ; --            ; --          ; --             ;
; MISC_FILE                          ; lpm_counter1.inc               ; --            ; --          ; --             ;
; MISC_FILE                          ; lpm_ram_dp1.tdf                ; --            ; --          ; --             ;
; MISC_FILE                          ; lpm_ram_dp1.bsf                ; --            ; --          ; --             ;
; MISC_FILE                          ; lpm_ram_dp1.inc                ; --            ; --          ; --             ;
; MISC_FILE                          ; IR.tdf                         ; --            ; --          ; --             ;
; MISC_FILE                          ; IR.bsf                         ; --            ; --          ; --             ;
; MISC_FILE                          ; IR.inc                         ; --            ; --          ; --             ;
; MISC_FILE                          ; dff8.tdf                       ; --            ; --          ; --             ;
; MISC_FILE                          ; dff8.bsf                       ; --            ; --          ; --             ;
; MISC_FILE                          ; dff8.inc                       ; --            ; --          ; --             ;
; MISC_FILE                          ; dff1.tdf                       ; --            ; --          ; --             ;
; MISC_FILE                          ; dff1.bsf                       ; --            ; --          ; --             ;
; MISC_FILE                          ; dff1.inc                       ; --            ; --          ; --             ;
; PARTITION_COLOR                    ; 16764057                       ; --            ; cpu         ; Top            ;
; PARTITION_NETLIST_TYPE             ; SOURCE                         ; --            ; cpu         ; Top            ;
; TOP_LEVEL_ENTITY                   ; cpu                            ; alu           ; --          ; --             ;
; USE_GENERATED_PHYSICAL_CONSTRAINTS ; Off                            ; --            ; --          ; eda_blast_fpga ;
+------------------------------------+--------------------------------+---------------+-------------+----------------+


+-----------------------------------------------------------------------------------------------------------------------------+
; Flow Elapsed Time                                                                                                           ;
+-------------------------+--------------+-------------------------+---------------------+------------------------------------+
; Module Name             ; Elapsed Time ; Average Processors Used ; Peak Virtual Memory ; Total CPU Time (on all processors) ;
+-------------------------+--------------+-------------------------+---------------------+------------------------------------+
; Analysis & Synthesis    ; 00:00:01     ; 1.0                     ; 243 MB              ; 00:00:01                           ;
; Fitter                  ; 00:00:03     ; 1.0                     ; 289 MB              ; 00:00:04                           ;
; Assembler               ; 00:00:01     ; 1.0                     ; 263 MB              ; 00:00:01                           ;
; Classic Timing Analyzer ; 00:00:00     ; 1.0                     ; 168 MB              ; 00:00:00                           ;
; Total                   ; 00:00:05     ; --                      ; --                  ; 00:00:06                           ;
+-------------------------+--------------+-------------------------+---------------------+------------------------------------+


+------------------------------------------------------------------------------------------+
; Flow OS Summary                                                                          ;
+-------------------------+------------------+---------------+------------+----------------+
; Module Name             ; Machine Hostname ; OS Name       ; OS Version ; Processor type ;
+-------------------------+------------------+---------------+------------+----------------+
; Analysis & Synthesis    ; Y7000P           ; Windows Vista ; 6.2        ; x86_64         ;
; Fitter                  ; Y7000P           ; Windows Vista ; 6.2        ; x86_64         ;
; Assembler               ; Y7000P           ; Windows Vista ; 6.2        ; x86_64         ;
; Classic Timing Analyzer ; Y7000P           ; Windows Vista ; 6.2        ; x86_64         ;
+-------------------------+------------------+---------------+------------+----------------+


------------
; Flow Log ;
------------
quartus_map --read_settings_files=on --write_settings_files=off alu -c alu
quartus_fit --read_settings_files=off --write_settings_files=off alu -c alu
quartus_asm --read_settings_files=off --write_settings_files=off alu -c alu
quartus_tan --read_settings_files=off --write_settings_files=off alu -c alu --timing_analysis_only



